\BOOKMARK [0][-]{chapter*.2}{\376\377\000T\000\363\000m\000\040\000t\036\257\000t}{}% 1
\BOOKMARK [0][-]{section*.3}{\376\377\000M\036\345\000c\000\040\000l\036\345\000c}{}% 2
\BOOKMARK [0][-]{section*.4}{\376\377\000D\000a\000n\000h\000\040\000m\036\345\000c\000\040\000b\036\243\000n\000g}{}% 3
\BOOKMARK [0][-]{section*.5}{\376\377\000D\000a\000n\000h\000\040\000m\036\345\000c\000\040\000h\000\354\000n\000h}{}% 4
\BOOKMARK [0][-]{chapter*.7}{\376\377\000D\000a\000n\000h\000\040\000m\036\345\000c\000\040\000c\000\341\000c\000\040\000t\036\353\000\040\000v\000i\036\277\000t\000\040\000t\036\257\000t}{}% 5
\BOOKMARK [0][-]{chapter*.9}{\376\377\000Q\000u\000y\000\040\001\260\036\333\000c\000\040\000t\000r\036\241\000n\000g\000\040\000t\000h\000\341\000i\000\040\000v\000\340\000\040\000k\036\277\000t\000\040\000q\000u\036\243}{}% 6
\BOOKMARK [0][-]{chapter.1}{\376\377\000G\000i\036\333\000i\000\040\000t\000h\000i\036\307\000u}{}% 7
\BOOKMARK [1][-]{section.1.1}{\376\377\001\020\036\267\000t\000\040\000v\036\245\000n\000\040\001\021\036\301}{chapter.1}% 8
\BOOKMARK [2][-]{subsection.1.1.1}{\376\377\000B\036\321\000i\000\040\000c\036\243\000n\000h}{section.1.1}% 9
\BOOKMARK [2][-]{subsection.1.1.2}{\376\377\000V\036\245\000n\000\040\001\021\036\301\000\040\000v\036\301\000\040\000p\000h\000\342\000n\000\040\000t\000\355\000c\000h\000\040\000v\000\340\000\040\000d\000i\036\305\000n\000\040\000g\000i\036\243\000i}{section.1.1}% 10
\BOOKMARK [2][-]{subsection.1.1.3}{\376\377\000B\000\340\000i\000\040\000t\000o\000\341\000n\000\040\000n\000g\000h\000i\000\352\000n\000\040\000c\036\351\000u}{section.1.1}% 11
\BOOKMARK [1][-]{section.1.2}{\376\377\000M\036\345\000c\000\040\000t\000i\000\352\000u}{chapter.1}% 12
\BOOKMARK [1][-]{section.1.3}{\376\377\000P\000h\036\241\000m\000\040\000v\000i\000\040\001\021\036\301\000\040\000t\000\340\000i}{chapter.1}% 13
\BOOKMARK [2][-]{subsection.1.3.1}{\376\377\000P\000h\036\241\000m\000\040\000v\000i\000\040\000t\000h\036\361\000c\000\040\000h\000i\036\307\000n}{section.1.3}% 14
\BOOKMARK [2][-]{subsection.1.3.2}{\376\377\000G\000i\036\243\000\040\001\021\036\313\000n\000h\000\040\000v\000\340\000\040\000g\000i\036\333\000i\000\040\000h\036\241\000n}{section.1.3}% 15
\BOOKMARK [1][-]{section.1.4}{\376\377\001\020\000\363\000n\000g\000\040\000g\000\363\000p\000\040\000c\036\347\000a\000\040\001\021\036\301\000\040\000t\000\340\000i}{chapter.1}% 16
\BOOKMARK [1][-]{section.1.5}{\376\377\000B\036\321\000\040\000c\036\345\000c\000\040\000b\000\341\000o\000\040\000c\000\341\000o}{chapter.1}% 17
\BOOKMARK [0][-]{chapter.2}{\376\377\000C\001\241\000\040\000s\036\337\000\040\000l\000\375\000\040\000t\000h\000u\000y\036\277\000t}{}% 18
\BOOKMARK [1][-]{section.2.1}{\376\377\000D\036\357\000\040\000l\000i\036\307\000u\000\040\000t\000\340\000i\000\040\000c\000h\000\355\000n\000h\000\040\000v\000\340\000\040\000t\000i\036\301\000n\000\040\000x\036\355\000\040\000l\000\375}{chapter.2}% 19
\BOOKMARK [2][-]{subsection.2.1.1}{\376\377\000M\000\364\000\040\000h\000\354\000n\000h\000\040\000g\000i\000a\000o\000\040\000d\036\313\000c\000h\000,\000\040\000s\036\321\000\040\000d\001\260\000\040\000v\000\340\000\040\000d\000\362\000n\000g\000\040\000t\000i\036\301\000n}{section.2.1}% 20
\BOOKMARK [2][-]{subsection.2.1.2}{\376\377\000T\000o\000\340\000n\000\040\000v\036\271\000n\000\040\000v\000\340\000\040\000v\000\362\000n\000g\000\040\001\021\036\335\000i\000\040\000d\036\357\000\040\000l\000i\036\307\000u}{section.2.1}% 21
\BOOKMARK [2][-]{subsection.2.1.3}{\376\377\000C\000h\000u\036\251\000n\000\040\000h\000\363\000a\000\040\000t\000r\036\345\000c\000\040\000t\000h\036\335\000i\000\040\000g\000i\000a\000n\000\040\000v\000\340\000\040\000c\036\355\000a\000\040\000s\036\325\000\040\000q\000u\000a\000n\000\040\000s\000\341\000t}{section.2.1}% 22
\BOOKMARK [2][-]{subsection.2.1.4}{\376\377\000D\036\357\000\040\000l\000i\036\307\000u\000\040\000b\036\301\000n\000\040\000v\036\357\000n\000g\000\040\000v\000\340\000\040\000t\000r\036\241\000n\000g\000\040\000t\000h\000\341\000i\000\040\000t\036\241\000m}{section.2.1}% 23
\BOOKMARK [1][-]{section.2.2}{\376\377\000C\000h\000u\036\251\000n\000\040\000h\000\363\000a\000\040\000v\000\340\000\040\000p\000h\000\342\000n\000\040\000l\000o\036\241\000i\000\040\001\021\036\247\000u\000\040\000v\000\340\000o}{chapter.2}% 24
\BOOKMARK [2][-]{subsection.2.2.1}{\376\377\000C\000h\000u\036\251\000n\000\040\000h\000\363\000a\000\040\000s\036\321\000\040\000t\000i\036\301\000n\000,\000\040\000n\000g\000\340\000y\000\040\000v\000\340\000\040\000c\036\245\000u\000\040\000t\000r\000\372\000c\000\040\000g\000i\000a\000o\000\040\000d\036\313\000c\000h}{section.2.2}% 25
\BOOKMARK [2][-]{subsection.2.2.2}{\376\377\001\020\036\331\000\040\000t\001\260\001\241\000n\000g\000\040\001\021\036\323\000n\000g\000\040\000v\001\003\000n\000\040\000b\036\243\000n\000\040\000v\000\340\000\040\000c\000h\036\315\000n\000\040\000d\000a\000n\000h\000\040\000m\036\345\000c\000\040\000a\000n\000\040\000t\000o\000\340\000n}{section.2.2}% 26
\BOOKMARK [2][-]{subsection.2.2.3}{\376\377\000H\036\315\000c\000\040\000t\036\353\000\040\000p\000h\036\243\000n\000\040\000h\036\323\000i}{section.2.2}% 27
\BOOKMARK [2][-]{subsection.2.2.4}{\376\377\000O\000C\000R\000,\000\040\000S\000p\000e\000e\000c\000h\000-\000t\000o\000-\000T\000e\000x\000t\000\040\000v\000\340\000\040\000a\000d\000a\000p\000t\000e\000r\000\040\000n\000h\000\340\000\040\000c\000u\000n\000g\000\040\000c\036\245\000p}{section.2.2}% 28
\BOOKMARK [1][-]{section.2.3}{\376\377\000C\000\341\000c\000\040\000g\000i\036\243\000i\000\040\000t\000h\000u\036\255\000t\000\040\000p\000h\000\342\000n\000\040\000t\000\355\000c\000h\000\040\000v\000\340\000\040\000l\036\255\000p\000\040\000k\036\277\000\040\000h\000o\036\241\000c\000h}{chapter.2}% 29
\BOOKMARK [2][-]{subsection.2.3.1}{\376\377\000H\036\323\000i\000\040\000q\000u\000y\000\040\000t\000u\000y\036\277\000n\000\040\000t\000\355\000n\000h\000\040\000v\000\340\000\040\000d\036\361\000\040\000b\000\341\000o\000\040\000x\000u\000\040\000h\001\260\036\333\000n\000g}{section.2.3}% 30
\BOOKMARK [2][-]{subsection.2.3.2}{\376\377\000P\000h\000\341\000t\000\040\000h\000i\036\307\000n\000\040\000b\036\245\000t\000\040\000t\000h\001\260\036\335\000n\000g\000\040\000b\036\261\000n\000g\000\040\000z\000-\000s\000c\000o\000r\000e\000\040\000v\000\340\000\040\000I\000Q\000R}{section.2.3}% 31
\BOOKMARK [2][-]{subsection.2.3.3}{\376\377\001\257\036\333\000c\000\040\000l\001\260\036\343\000n\000g\000\040\000t\000h\036\335\000i\000\040\000g\000i\000a\000n\000\040\000c\036\241\000n\000\040\000d\000\362\000n\000g\000\040\000t\000i\036\301\000n}{section.2.3}% 32
\BOOKMARK [2][-]{subsection.2.3.4}{\376\377\000K\000h\000a\000i\000\040\000p\000h\000\341\000\040\000k\000h\000o\036\243\000n\000\040\000c\000h\000i\000\040\001\021\036\313\000n\000h\000\040\000k\036\363}{section.2.3}% 33
\BOOKMARK [2][-]{subsection.2.3.5}{\376\377\000T\001\260\001\241\000n\000g\000\040\000q\000u\000a\000n\000\040\000c\000h\000i\000\040\000t\000i\000\352\000u\000\040\000l\000i\000\352\000n\000\040\000d\000a\000n\000h\000\040\000m\036\345\000c}{section.2.3}% 34
\BOOKMARK [2][-]{subsection.2.3.6}{\376\377\001\020\036\301\000\040\000x\000u\036\245\000t\000\040\000v\000\340\000\040\000d\036\361\000\040\000b\000\341\000o\000\040\000n\000g\000\342\000n\000\040\000s\000\341\000c\000h}{section.2.3}% 35
\BOOKMARK [2][-]{subsection.2.3.7}{\376\377\000L\036\255\000p\000\040\000k\036\277\000\040\000h\000o\036\241\000c\000h\000\040\000m\036\345\000c\000\040\000t\000i\000\352\000u\000\040\000v\000\340\000\040\000t\000r\036\243\000\040\000n\036\343}{section.2.3}% 36
\BOOKMARK [1][-]{section.2.4}{\376\377\000P\000h\001\260\001\241\000n\000g\000\040\000p\000h\000\341\000p\000\040\001\021\000\341\000n\000h\000\040\000g\000i\000\341}{chapter.2}% 37
\BOOKMARK [2][-]{subsection.2.4.1}{\376\377\001\020\036\331\000\040\000c\000h\000\355\000n\000h\000\040\000x\000\341\000c\000\040\000t\000r\000\355\000c\000h\000\040\000x\000u\036\245\000t\000\040\000v\000\340\000\040\000p\000h\000\342\000n\000\040\000l\000o\036\241\000i}{section.2.4}% 38
\BOOKMARK [2][-]{subsection.2.4.2}{\376\377\000S\000a\000i\000\040\000s\036\321\000\040\000O\000C\000R\000,\000\040\000S\000T\000T\000\040\000v\000\340\000\040\000t\000\341\000c\000\040\001\021\036\331\000n\000g\000\040\000n\000g\000h\000i\036\307\000p\000\040\000v\036\345}{section.2.4}% 39
\BOOKMARK [2][-]{subsection.2.4.3}{\376\377\000T\000\355\000n\000h\000\040\001\021\000\372\000n\000g\000\040\000g\000i\036\243\000i\000\040\000t\000h\000u\036\255\000t\000,\000\040\000g\000r\000o\000u\000n\000d\000i\000n\000g\000\040\000v\000\340\000\040\000h\000i\036\307\000u\000\040\000n\001\003\000n\000g}{section.2.4}% 40
\BOOKMARK [1][-]{section.2.5}{\376\377\000V\000a\000i\000\040\000t\000r\000\362\000\040\000h\036\327\000\040\000t\000r\036\343\000\040\000c\000\363\000\040\000k\000i\036\303\000m\000\040\000s\000o\000\341\000t\000\040\000c\036\347\000a\000\040\000L\000L\000M}{chapter.2}% 41
\BOOKMARK [2][-]{subsection.2.5.1}{\376\377\000F\000u\000n\000c\000t\000i\000o\000n\000\040\000c\000a\000l\000l\000i\000n\000g\000\040\000t\000h\000a\000y\000\040\000c\000h\000o\000\040\000t\000r\000a\000o\000\040\000q\000u\000y\036\301\000n\000\040\000n\000g\000h\000i\036\307\000p\000\040\000v\036\345}{section.2.5}% 42
\BOOKMARK [2][-]{subsection.2.5.2}{\376\377\000R\000a\000n\000h\000\040\000g\000i\036\333\000i\000\040\000t\000r\000\341\000c\000h\000\040\000n\000h\000i\036\307\000m\000\040\000v\000\340\000\040\000g\000r\000o\000u\000n\000d\000i\000n\000g}{section.2.5}% 43
\BOOKMARK [2][-]{subsection.2.5.3}{\376\377\001\020\000i\036\301\000u\000\040\000k\000i\036\307\000n\000\040\001\021\036\303\000\040\000v\000i\036\307\000c\000\040\000d\000\371\000n\000g\000\040\000L\000L\000M\000\040\000c\000\363\000\040\000\375\000\040\000n\000g\000h\001\051\000a}{section.2.5}% 44
\BOOKMARK [1][-]{section.2.6}{\376\377\000H\036\241\000\040\000t\036\247\000n\000g\000,\000\040\000c\000\364\000n\000g\000\040\000n\000g\000h\036\307\000\040\000v\000\340\000\040\000l\000\375\000\040\000d\000o\000\040\000l\036\361\000a\000\040\000c\000h\036\315\000n}{chapter.2}% 45
\BOOKMARK [1][-]{section.2.7}{\376\377\000N\000g\000h\000i\000\352\000n\000\040\000c\036\351\000u\000\040\000v\000\340\000\040\036\351\000n\000g\000\040\000d\036\345\000n\000g\000\040\000l\000i\000\352\000n\000\040\000q\000u\000a\000n}{chapter.2}% 46
\BOOKMARK [0][-]{chapter.3}{\376\377\000K\036\277\000t\000\040\000q\000u\036\243\000\040\036\351\000n\000g\000\040\000d\036\345\000n\000g}{}% 47
\BOOKMARK [1][-]{section.3.1}{\376\377\001\020\036\267\000c\000\040\000t\036\243\000\040\000y\000\352\000u\000\040\000c\036\247\000u\000\040\000p\000h\036\247\000n\000\040\000m\036\301\000m}{chapter.3}% 48
\BOOKMARK [2][-]{subsection.3.1.1}{\376\377\000M\000\364\000\040\000t\036\243\000\040\000t\036\325\000n\000g\000\040\000q\000u\000a\000n}{section.3.1}% 49
\BOOKMARK [2][-]{subsection.3.1.2}{\376\377\000Y\000\352\000u\000\040\000c\036\247\000u\000\040\000c\036\345\000\040\000t\000h\036\303}{section.3.1}% 50
\BOOKMARK [3][-]{subsubsection.3.1.2.1}{\376\377\000G\000i\000a\000o\000\040\000d\000i\036\307\000n\000\040\000v\000\340\000\040\000p\000h\036\345\000\040\000t\000h\000u\036\331\000c\000\040\000b\000\352\000n\000\040\000n\000g\000o\000\340\000i}{subsection.3.1.2}% 51
\BOOKMARK [3][-]{subsubsection.3.1.2.2}{\376\377\000Q\000u\000y\000\040\000t\036\257\000c\000\040\000d\036\357\000\040\000l\000i\036\307\000u\000\040\000v\000\340\000\040\000n\000g\000h\000i\036\307\000p\000\040\000v\036\345\000\040\000d\000\371\000n\000g\000\040\000c\000h\000u\000n\000g}{subsection.3.1.2}% 52
\BOOKMARK [3][-]{subsubsection.3.1.2.3}{\376\377\000P\000h\036\241\000m\000\040\000v\000i\000\040\000v\000\340\000\040\000m\036\351\000c\000\040\001\260\000u\000\040\000t\000i\000\352\000n}{subsection.3.1.2}% 53
\BOOKMARK [2][-]{subsection.3.1.3}{\376\377\000Y\000\352\000u\000\040\000c\036\247\000u\000\040\000c\000h\036\351\000c\000\040\000n\001\003\000n\000g}{section.3.1}% 54
\BOOKMARK [3][-]{subsubsection.3.1.3.1}{\376\377\000F\000R\000-\0000\0001\000\040\040\024\000\040\000N\000h\036\255\000p\000\040\000g\000i\000a\000o\000\040\000d\036\313\000c\000h\000\040\000b\036\261\000n\000g\000\040\000v\001\003\000n\000\040\000b\036\243\000n\000\040\000t\036\361\000\040\000n\000h\000i\000\352\000n}{subsection.3.1.3}% 55
\BOOKMARK [3][-]{subsubsection.3.1.3.2}{\376\377\000F\000R\000-\0000\0002\000\040\040\024\000\040\000N\000h\036\255\000p\000\040\000g\000i\000a\000o\000\040\000d\036\313\000c\000h\000\040\000b\036\261\000n\000g\000\040\036\243\000n\000h\000\040\000v\000\340\000\040\000g\000i\036\315\000n\000g\000\040\000n\000\363\000i}{subsection.3.1.3}% 56
\BOOKMARK [3][-]{subsubsection.3.1.3.3}{\376\377\000F\000R\000-\0000\0003\000\040\040\024\000\040\000C\000l\000a\000r\000i\000f\000i\000c\000a\000t\000i\000o\000n\000\040\000v\000\340\000\040\000g\000i\000a\000o\000\040\000d\036\313\000c\000h\000\040\000c\000h\036\335\000\040\000x\000\341\000c\000\040\000n\000h\036\255\000n}{subsection.3.1.3}% 57
\BOOKMARK [3][-]{subsubsection.3.1.3.4}{\376\377\000F\000R\000-\0000\0004\000\040\040\024\000\040\000P\000h\000\342\000n\000\040\000l\000o\036\241\000i\000\040\000d\000a\000n\000h\000\040\000m\036\345\000c\000\040\000v\000\340\000\040\000h\036\315\000c\000\040\000t\036\353\000\040\000p\000h\036\243\000n\000\040\000h\036\323\000i}{subsection.3.1.3}% 58
\BOOKMARK [3][-]{subsubsection.3.1.3.5}{\376\377\000F\000R\000-\0000\0005\000\040\040\024\000\040\000Q\000u\036\243\000n\000\040\000l\000\375\000\040\000g\000i\000a\000o\000\040\000d\036\313\000c\000h\000,\000\040\000v\000\355\000\040\000v\000\340\000\040\000d\000a\000n\000h\000\040\000m\036\345\000c}{subsection.3.1.3}% 59
\BOOKMARK [3][-]{subsubsection.3.1.3.6}{\376\377\000F\000R\000-\0000\0006\000\040\040\024\000\040\000C\000h\000u\000y\036\303\000n\000\040\000v\000\355\000\040\000v\000\340\000\040\000d\000\362\000n\000g\000\040\000t\000i\036\301\000n\000\040\001\021\036\267\000c\000\040\000b\000i\036\307\000t}{subsection.3.1.3}% 60
\BOOKMARK [3][-]{subsubsection.3.1.3.7}{\376\377\000F\000R\000-\0000\0007\000\040\040\024\000\040\000P\000h\000\342\000n\000\040\000t\000\355\000c\000h\000\040\000d\036\357\000\040\000l\000i\036\307\000u\000\040\000t\000\340\000i\000\040\000c\000h\000\355\000n\000h}{subsection.3.1.3}% 61
\BOOKMARK [3][-]{subsubsection.3.1.3.8}{\376\377\000F\000R\000-\0000\0008\000\040\040\024\000\040\000I\000n\000s\000i\000g\000h\000t\000\040\000c\000\363\000\040\000c\001\003\000n\000\040\000c\036\351\000\040\000v\000\340\000\040\000p\000e\000r\000s\000o\000n\000a}{subsection.3.1.3}% 62
\BOOKMARK [3][-]{subsubsection.3.1.3.9}{\376\377\000F\000R\000-\0000\0009\000\040\040\024\000\040\000N\000g\000\342\000n\000\040\000s\000\341\000c\000h\000,\000\040\001\021\036\301\000\040\000x\000u\036\245\000t\000\040\000v\000\340\000\040\000d\036\361\000\040\000b\000\341\000o}{subsection.3.1.3}% 63
\BOOKMARK [3][-]{subsubsection.3.1.3.10}{\376\377\000F\000R\000-\0001\0000\000\040\040\024\000\040\000M\036\345\000c\000\040\000t\000i\000\352\000u\000\040\000t\000\340\000i\000\040\000c\000h\000\355\000n\000h\000\040\000v\000\340\000\040\000m\000\364\000\040\000p\000h\036\317\000n\000g\000\040\000w\000h\000a\000t\000-\000i\000f}{subsection.3.1.3}% 64
\BOOKMARK [3][-]{subsubsection.3.1.3.11}{\376\377\000F\000R\000-\0001\0001\000\040\040\024\000\040\000K\000h\000o\036\243\000n\000\040\001\021\036\313\000n\000h\000\040\000k\036\363\000\040\000v\000\340\000\040\000t\000\341\000c\000\040\000v\036\345\000\040\000c\000h\036\347\000\040\001\021\036\331\000n\000g}{subsection.3.1.3}% 65
\BOOKMARK [3][-]{subsubsection.3.1.3.12}{\376\377\000F\000R\000-\0001\0002\000\040\040\024\000\040\000X\000u\036\245\000t\000\040\000d\036\357\000\040\000l\000i\036\307\000u\000,\000\040\000l\036\313\000c\000h\000\040\000s\036\355\000\040\000t\036\307\000p\000\040\000v\000\340\000\040\000d\036\315\000n\000\040\000d\036\271\000p}{subsection.3.1.3}% 66
\BOOKMARK [2][-]{subsection.3.1.4}{\376\377\000Y\000\352\000u\000\040\000c\036\247\000u\000\040\000p\000h\000i\000\040\000c\000h\036\351\000c\000\040\000n\001\003\000n\000g}{section.3.1}% 67
\BOOKMARK [1][-]{section.3.2}{\376\377\000T\000h\000i\036\277\000t\000\040\000k\036\277\000\040\000p\000h\036\247\000n\000\040\000m\036\301\000m}{chapter.3}% 68
\BOOKMARK [2][-]{subsection.3.2.1}{\376\377\000K\000i\036\277\000n\000\040\000t\000r\000\372\000c\000\040\036\351\000n\000g\000\040\000d\036\345\000n\000g}{section.3.2}% 69
\BOOKMARK [2][-]{subsection.3.2.2}{\376\377\000T\000h\000i\036\277\000t\000\040\000k\036\277\000\040\000d\036\357\000\040\000l\000i\036\307\000u}{section.3.2}% 70
\BOOKMARK [3][-]{subsubsection.3.2.2.1}{\376\377\000M\000\364\000\040\000h\000\354\000n\000h\000\040\000m\000i\036\301\000n}{subsection.3.2.2}% 71
\BOOKMARK [3][-]{subsubsection.3.2.2.2}{\376\377\000M\000\364\000\040\000h\000\354\000n\000h\000\040\000v\036\255\000t\000\040\000l\000\375}{subsection.3.2.2}% 72
\BOOKMARK [3][-]{subsubsection.3.2.2.3}{\376\377\000Q\000u\000y\000\040\000t\036\257\000c\000\040\000d\036\357\000\040\000l\000i\036\307\000u\000\040\000q\000u\000a\000n\000\040\000t\000r\036\315\000n\000g}{subsection.3.2.2}% 73
\BOOKMARK [2][-]{subsection.3.2.3}{\376\377\000T\000h\000i\036\277\000t\000\040\000k\036\277\000\040\000c\000h\000i\000\040\000t\000i\036\277\000t}{section.3.2}% 74
\BOOKMARK [3][-]{subsubsection.3.2.3.1}{\376\377\000R\000a\000n\000h\000\040\000g\000i\036\333\000i\000\040\000L\000L\000M\000\040\000t\000r\000o\000n\000g\000\040\000k\000i\036\277\000n\000\040\000t\000r\000\372\000c}{subsection.3.2.3}% 75
\BOOKMARK [3][-]{subsubsection.3.2.3.2}{\376\377\000M\000\341\000y\000\040\000t\000r\036\241\000n\000g\000\040\000t\000h\000\341\000i\000\040\000h\036\331\000i\000\040\000t\000h\000o\036\241\000i}{subsection.3.2.3}% 76
\BOOKMARK [3][-]{subsubsection.3.2.3.3}{\376\377\000N\000h\036\255\000p\000\040\000g\000i\000a\000o\000\040\000d\036\313\000c\000h\000\040\000b\036\261\000n\000g\000\040\000v\001\003\000n\000\040\000b\036\243\000n}{subsection.3.2.3}% 77
\BOOKMARK [3][-]{subsubsection.3.2.3.4}{\376\377\001\020\036\247\000u\000\040\000v\000\340\000o\000\040\001\021\000a\000\040\000p\000h\001\260\001\241\000n\000g\000\040\000t\000h\036\351\000c}{subsection.3.2.3}% 78
\BOOKMARK [3][-]{subsubsection.3.2.3.5}{\376\377\000P\000h\000\342\000n\000\040\000l\000o\036\241\000i\000\040\000v\000\340\000\040\000v\000\362\000n\000g\000\040\000p\000h\036\243\000n\000\040\000h\036\323\000i}{subsection.3.2.3}% 79
\BOOKMARK [3][-]{subsubsection.3.2.3.6}{\376\377\000S\000i\000n\000h\000\040\000i\000n\000s\000i\000g\000h\000t\000\040\000c\000\363\000\040\000c\001\003\000n\000\040\000c\036\351}{subsection.3.2.3}% 80
\BOOKMARK [3][-]{subsubsection.3.2.3.7}{\376\377\000L\036\255\000p\000\040\000k\036\277\000\040\000h\000o\036\241\000c\000h\000\040\000m\036\345\000c\000\040\000t\000i\000\352\000u}{subsection.3.2.3}% 81
\BOOKMARK [3][-]{subsubsection.3.2.3.8}{\376\377\000T\000\341\000c\000\040\000v\036\345\000\040\000c\000h\036\347\000\040\001\021\036\331\000n\000g}{subsection.3.2.3}% 82
\BOOKMARK [3][-]{subsubsection.3.2.3.9}{\376\377\000K\000i\036\303\000m\000\040\000s\000o\000\341\000t\000\040\000t\000h\000a\000o\000\040\000t\000\341\000c\000\040\000d\000o\000\040\000L\000L\000M\000\040\000k\000h\036\337\000i\000\040\000t\036\241\000o}{subsection.3.2.3}% 83
\BOOKMARK [2][-]{subsection.3.2.4}{\376\377\000B\036\243\000o\000\040\000m\036\255\000t\000,\000\040\000r\000i\000\352\000n\000g\000\040\000t\001\260\000\040\000v\000\340\000\040\001\021\036\241\000o\000\040\001\021\036\351\000c}{section.3.2}% 84
\BOOKMARK [1][-]{section.3.3}{\376\377\000K\000i\036\303\000m\000\040\000t\000h\036\355}{chapter.3}% 85
\BOOKMARK [2][-]{subsection.3.3.1}{\376\377\000K\036\277\000\040\000h\000o\036\241\000c\000h\000\040\000k\000i\036\303\000m\000\040\000t\000h\036\355}{section.3.3}% 86
\BOOKMARK [3][-]{subsubsection.3.3.1.1}{\376\377\000M\000a\000\040\000t\000r\036\255\000n\000\040\000k\000i\036\303\000m\000\040\000t\000h\036\355}{subsection.3.3.1}% 87
\BOOKMARK [3][-]{subsubsection.3.3.1.2}{\376\377\000T\000h\000i\036\277\000t\000\040\000k\036\277\000\040\000d\036\357\000\040\000l\000i\036\307\000u\000\040\000k\000i\036\303\000m\000\040\000t\000h\036\355}{subsection.3.3.1}% 88
\BOOKMARK [3][-]{subsubsection.3.3.1.3}{\376\377\000B\036\331\000\040\000c\000h\036\311\000\040\000s\036\321}{subsection.3.3.1}% 89
\BOOKMARK [2][-]{subsection.3.3.2}{\376\377\000K\036\277\000t\000\040\000q\000u\036\243\000\040\000v\000\340\000\040\000p\000h\000\342\000n\000\040\000t\000\355\000c\000h}{section.3.3}% 90
\BOOKMARK [3][-]{subsubsection.3.3.2.1}{\376\377\000K\036\277\000t\000\040\000q\000u\036\243\000\040\001\021\000\343\000\040\001\021\000o}{subsection.3.3.2}% 91
\BOOKMARK [3][-]{subsubsection.3.3.2.2}{\376\377\000T\000r\036\241\000n\000g\000\040\000t\000h\000\341\000i\000\040\000c\000h\036\351\000c\000\040\000n\001\003\000n\000g\000\040\000t\000r\036\315\000n\000g\000\040\000y\036\277\000u}{subsection.3.3.2}% 92
\BOOKMARK [3][-]{subsubsection.3.3.2.3}{\376\377\000T\000h\000\355\000\040\000n\000g\000h\000i\036\307\000m\000\040\000c\036\247\000n\000\040\000t\000h\036\361\000c\000\040\000h\000i\036\307\000n}{subsection.3.3.2}% 93
\BOOKMARK [0][-]{chapter.4}{\376\377\000K\036\277\000t\000\040\000l\000u\036\255\000n}{}% 94
\BOOKMARK [1][-]{section.4.1}{\376\377\000K\036\277\000t\000\040\000q\000u\036\243\000\040\001\021\036\241\000t\000\040\001\021\001\260\036\343\000c}{chapter.4}% 95
\BOOKMARK [1][-]{section.4.2}{\376\377\000T\000\341\000c\000\040\001\021\036\331\000n\000g\000\040\000c\036\347\000a\000\040\000L\000L\000M}{chapter.4}% 96
\BOOKMARK [1][-]{section.4.3}{\376\377\000H\036\241\000n\000\040\000c\000h\036\277}{chapter.4}% 97
\BOOKMARK [1][-]{section.4.4}{\376\377\000H\001\260\036\333\000n\000g\000\040\000p\000h\000\341\000t\000\040\000t\000r\000i\036\303\000n}{chapter.4}% 98
\BOOKMARK [1][-]{section.4.5}{\376\377\000K\036\277\000t\000\040\000l\000u\036\255\000n\000\040\000c\000h\000u\000n\000g}{chapter.4}% 99
\BOOKMARK [0][-]{section*.35}{\376\377\000T\000\340\000i\000\040\000l\000i\036\307\000u\000\040\000t\000h\000a\000m\000\040\000k\000h\036\243\000o}{}% 100
\BOOKMARK [0][-]{appendix.A}{\376\377\000D\000a\000n\000h\000\040\000m\036\345\000c\000\040\000s\001\241\000\040\001\021\036\323\000\040\000D\000r\000a\000w\000.\000i\000o}{}% 101
\BOOKMARK [0][-]{appendix.B}{\376\377\000L\036\307\000n\000h\000\040\000t\000\341\000i\000\040\000l\036\255\000p\000\040\000k\000i\036\303\000m\000\040\000t\000h\036\355}{}% 102
\BOOKMARK [0][-]{appendix.C}{\376\377\000B\000i\000\352\000n\000\040\000b\036\243\000n\000\040\000k\036\277\000t\000\040\000q\000u\036\243\000\040\000n\000g\000\340\000y\000\040\0001\0006\000/\0000\0007\000/\0002\0000\0002\0006}{}% 103
\BOOKMARK [0][-]{appendix.D}{\376\377\000N\000g\000u\000y\000\352\000n\000\040\000t\036\257\000c\000\040\000t\000r\000\354\000n\000h\000\040\000d\000i\036\305\000n}{}% 104
\BOOKMARK [0][-]{appendix.E}{\376\377\000T\000i\000\352\000u\000\040\000c\000h\000\355\000\040\036\325\000n\000\040\001\021\036\313\000n\000h\000\040\000c\000h\036\351\000c\000\040\000n\001\003\000n\000g\000\040\000q\000u\000a\000n\000\040\000t\000r\036\315\000n\000g}{}% 105
